# serializer version: 1
# name: TestEditOrganization.test_pe_cannot_edit[Fields are disabled]
  '''
  <form class="js-prevent-multiple-submit" method="post">
  
                              <input name="csrfmiddlewaretoken" type="hidden" value="NORMALIZED_CSRF_TOKEN"/>
  
                              <div class="form-group form-group-required"><label class="form-label" for="id_address_line_1">Adresse</label><input class="form-control" disabled="" id="id_address_line_1" maxlength="255" name="address_line_1" placeholder="Adresse" required="" type="text"/></div><div class="form-group"><label class="form-label" for="id_address_line_2">Complément d'adresse</label><input class="form-control" disabled="" id="id_address_line_2" maxlength="255" name="address_line_2" placeholder="Complément d'adresse" type="text"/><div class="form-text">Appartement, suite, bloc, bâtiment, boite postale, etc.</div>
  </div><div class="form-group form-group-required"><label class="form-label" for="id_post_code">Code postal</label><input class="form-control" disabled="" id="id_post_code" maxlength="5" name="post_code" placeholder="Code postal" required="" type="text"/></div><div class="form-group form-group-required"><label class="form-label" for="id_city">Ville</label><input class="form-control" disabled="" id="id_city" maxlength="255" name="city" placeholder="Ville" required="" type="text"/></div><div class="form-group form-group-required"><label class="form-label" for="id_department">Département</label><select class="form-select" disabled="" id="id_department" name="department" required="">
    <option value="">---------</option>
  
    <option value="01">01 - Ain</option>
  
    <option value="02">02 - Aisne</option>
  
    <option value="03">03 - Allier</option>
  
    <option value="04">04 - Alpes-de-Haute-Provence</option>
  
    <option value="05">05 - Hautes-Alpes</option>
  
    <option value="06">06 - Alpes-Maritimes</option>
  
    <option value="07">07 - Ardèche</option>
  
    <option value="08">08 - Ardennes</option>
  
    <option value="09">09 - Ariège</option>
  
    <option value="10">10 - Aube</option>
  
    <option value="11">11 - Aude</option>
  
    <option value="12">12 - Aveyron</option>
  
    <option value="13">13 - Bouches-du-Rhône</option>
  
    <option value="14">14 - Calvados</option>
  
    <option value="15">15 - Cantal</option>
  
    <option value="16">16 - Charente</option>
  
    <option value="17">17 - Charente-Maritime</option>
  
    <option value="18">18 - Cher</option>
  
    <option value="19">19 - Corrèze</option>
  
    <option value="2A">2A - Corse-du-Sud</option>
  
    <option value="2B">2B - Haute-Corse</option>
  
    <option value="21">21 - Côte-d'Or</option>
  
    <option value="22">22 - Côtes-d'Armor</option>
  
    <option value="23">23 - Creuse</option>
  
    <option value="24">24 - Dordogne</option>
  
    <option value="25">25 - Doubs</option>
  
    <option value="26">26 - Drôme</option>
  
    <option value="27">27 - Eure</option>
  
    <option value="28">28 - Eure-et-Loir</option>
  
    <option value="29">29 - Finistère</option>
  
    <option value="30">30 - Gard</option>
  
    <option value="31">31 - Haute-Garonne</option>
  
    <option value="32">32 - Gers</option>
  
    <option value="33">33 - Gironde</option>
  
    <option value="34">34 - Hérault</option>
  
    <option value="35">35 - Ille-et-Vilaine</option>
  
    <option value="36">36 - Indre</option>
  
    <option value="37">37 - Indre-et-Loire</option>
  
    <option value="38">38 - Isère</option>
  
    <option value="39">39 - Jura</option>
  
    <option value="40">40 - Landes</option>
  
    <option value="41">41 - Loir-et-Cher</option>
  
    <option value="42">42 - Loire</option>
  
    <option value="43">43 - Haute-Loire</option>
  
    <option value="44">44 - Loire-Atlantique</option>
  
    <option value="45">45 - Loiret</option>
  
    <option value="46">46 - Lot</option>
  
    <option value="47">47 - Lot-et-Garonne</option>
  
    <option value="48">48 - Lozère</option>
  
    <option value="49">49 - Maine-et-Loire</option>
  
    <option value="50">50 - Manche</option>
  
    <option value="51">51 - Marne</option>
  
    <option value="52">52 - Haute-Marne</option>
  
    <option selected="" value="53">53 - Mayenne</option>
  
    <option value="54">54 - Meurthe-et-Moselle</option>
  
    <option value="55">55 - Meuse</option>
  
    <option value="56">56 - Morbihan</option>
  
    <option value="57">57 - Moselle</option>
  
    <option value="58">58 - Nièvre</option>
  
    <option value="59">59 - Nord</option>
  
    <option value="60">60 - Oise</option>
  
    <option value="61">61 - Orne</option>
  
    <option value="62">62 - Pas-de-Calais</option>
  
    <option value="63">63 - Puy-de-Dôme</option>
  
    <option value="64">64 - Pyrénées-Atlantiques</option>
  
    <option value="65">65 - Hautes-Pyrénées</option>
  
    <option value="66">66 - Pyrénées-Orientales</option>
  
    <option value="67">67 - Bas-Rhin</option>
  
    <option value="68">68 - Haut-Rhin</option>
  
    <option value="69">69 - Rhône</option>
  
    <option value="70">70 - Haute-Saône</option>
  
    <option value="71">71 - Saône-et-Loire</option>
  
    <option value="72">72 - Sarthe</option>
  
    <option value="73">73 - Savoie</option>
  
    <option value="74">74 - Haute-Savoie</option>
  
    <option value="75">75 - Paris</option>
  
    <option value="76">76 - Seine-Maritime</option>
  
    <option value="77">77 - Seine-et-Marne</option>
  
    <option value="78">78 - Yvelines</option>
  
    <option value="79">79 - Deux-Sèvres</option>
  
    <option value="80">80 - Somme</option>
  
    <option value="81">81 - Tarn</option>
  
    <option value="82">82 - Tarn-et-Garonne</option>
  
    <option value="83">83 - Var</option>
  
    <option value="84">84 - Vaucluse</option>
  
    <option value="85">85 - Vendée</option>
  
    <option value="86">86 - Vienne</option>
  
    <option value="87">87 - Haute-Vienne</option>
  
    <option value="88">88 - Vosges</option>
  
    <option value="89">89 - Yonne</option>
  
    <option value="90">90 - Territoire de Belfort</option>
  
    <option value="91">91 - Essonne</option>
  
    <option value="92">92 - Hauts-de-Seine</option>
  
    <option value="93">93 - Seine-Saint-Denis</option>
  
    <option value="94">94 - Val-de-Marne</option>
  
    <option value="95">95 - Val-d'Oise</option>
  
    <option value="971">971 - Guadeloupe</option>
  
    <option value="972">972 - Martinique</option>
  
    <option value="973">973 - Guyane</option>
  
    <option value="974">974 - La Réunion</option>
  
    <option value="975">975 - Saint-Pierre-et-Miquelon</option>
  
    <option value="976">976 - Mayotte</option>
  
    <option value="977">977 - Saint-Barthélémy</option>
  
    <option value="978">978 - Saint-Martin</option>
  
    <option value="986">986 - Wallis-et-Futuna</option>
  
    <option value="987">987 - Polynésie française</option>
  
    <option value="988">988 - Nouvelle-Calédonie</option>
  
  </select></div><div class="form-group"><label class="form-label" for="id_phone">Téléphone</label><input class="form-control" disabled="" id="id_phone" maxlength="20" name="phone" placeholder="Téléphone" type="text" value="0600000000"/></div><div class="form-group"><label class="form-label" for="id_email">E-mail</label><input class="form-control" disabled="" id="id_email" maxlength="254" name="email" placeholder="E-mail" type="email" value="pe@mailinator.com"/></div><div class="form-group"><label class="form-label" for="id_website">Site web</label><input class="form-control" disabled="" id="id_website" maxlength="200" name="website" placeholder="Site web" type="url"/><div class="form-text">Votre site web doit commencer par http:// ou https://</div>
  </div><div class="form-group"><label class="form-label" for="id_description">Description</label><textarea class="form-control" cols="40" disabled="" id="id_description" name="description" placeholder="Description" rows="10"></textarea><div class="form-text">Texte de présentation de votre structure.</div>
  </div>
  
                              
  
  <div class="row">
      <div class="col-12">
          <hr class="mb-3"/>
          <small class="d-inline-block mb-3">* champs obligatoires</small>
          <div class="form-row align-items-center justify-content-end gx-3">
              <div class="form-group col-12 col-lg order-3 order-lg-1">
                  <button aria-label="Annuler la saisie de ce formulaire" class="btn btn-link btn-ico ps-lg-0 w-100 w-lg-auto" data-bs-target="#confirm_reset_modal" data-bs-toggle="modal" type="button">
                      <i aria-hidden="true" class="ri-close-line ri-lg"></i>
                      <span>Annuler</span>
                  </button>
              </div>
              
              <div class="form-group col-12 col-lg-auto order-2 order-lg-3">
                  
                      <button aria-label="Enregistrer la modification" class="btn btn-block btn-primary" type="submit">
                          <span>Enregistrer</span>
                      </button>
                  
              </div>
          </div>
      </div>
  </div>
  
  <div aria-hidden="true" class="modal fade" id="confirm_reset_modal" tabindex="-1">
      <div class="modal-dialog modal-dialog-centered">
          <div class="modal-content">
              <div class="modal-header">
                  <h3 class="modal-title">Êtes-vous sûr de vouloir annuler ?</h3>
              </div>
              <div class="modal-body">
                  Les informations renseignées ne seront pas enregistrées.
                  <br/>
                  Cette action est irréversible.
              </div>
              <div class="modal-footer">
                  <button class="btn btn-sm btn-outline-primary" data-bs-dismiss="modal" type="button">Retour</button>
                  <a class="btn btn-sm btn-danger" href="/dashboard/">Confirmer l'annulation</a>
              </div>
          </div>
      </div>
  </div>
  
                          </form>
  '''
# ---
