# serializer version: 1
# name: TestMembers.test_members
  '''
  <main class="s-main" id="main" role="main">
      <div aria-atomic="true" aria-live="polite" class="toast-container">
      </div>
      <section class="s-title-02">
          <div class="s-title-02__container container">
              <div class="s-title-02__row row">
                  <div class="s-title-02__col col-12">
                      <div class="c-title">
                          <div class="c-title__main">
                              <h1>
                                  Organisation
                              </h1>
                          </div>
                      </div>
                  </div>
              </div>
          </div>
      </section>
      <section class="s-section">
          <div class="s-section__container container">
              <div class="s-section__row row">
                  <div class="s-section__col col-12">
                      <div class="d-flex flex-column flex-lg-row gap-3 align-items-lg-center justify-content-lg-between mb-3">
                          <h2 class="mb-0">
                              Collaborateurs
                          </h2>
                          <div aria-label="Actions sur les collaborateurs" class="d-flex flex-column flex-md-row gap-2 justify-content-md-end" role="group">
                              <a class="btn btn-primary btn-ico" href="/invitations/invite_prescriber_with_org">
                                  <i aria-hidden="true" class="ri-user-add-line ri-lg">
                                  </i>
                                  <span>
                                      Ajouter des collaborateurs
                                  </span>
                              </a>
                          </div>
                      </div>
                      <p>
                          Vous êtes connecté(e) en tant que
                          <b>
                              Pierre DUPONT
                          </b>
                          (pierre.dupont@test.local)
                      </p>
                      <p class="mb-0">
                          1 collaborateur (dont 1 administrateur)
                      </p>
                      <div class="table-responsive mt-3 mt-md-4">
                          <table class="table table-hover">
                              <caption class="visually-hidden">
                                  Liste des collaborateurs
                              </caption>
                              <thead>
                                  <tr>
                                      <th scope="col">
                                          Nom
                                      </th>
                                      <th scope="col">
                                          Email
                                      </th>
                                      <th scope="col">
                                          Date d'inscription
                                      </th>
                                      <th class="text-end w-50px" scope="col">
                                      </th>
                                  </tr>
                              </thead>
                              <tbody>
                                  <tr>
                                      <td>
                                          Pierre DUPONT
                                          <button class="badge badge-xs rounded-pill bg-info" data-bs-title="Administrateur de la structure" data-bs-toggle="tooltip" type="button">
                                              Admin
                                              <span class="visually-hidden">
                                                  istrateur de la structure
                                              </span>
                                          </button>
                                      </td>
                                      <td>
                                          <a class="btn-link" href="mailto:pierre.dupont@test.local">
                                              pierre.dupont@test.local
                                          </a>
                                      </td>
                                      <td>
                                          12 juillet 2025 à 12:40
                                      </td>
                                      <td class="text-end w-50px">
                                          <button class="btn btn-sm btn-link btn-ico-only disabled" data-bs-title="Aucune action possible" data-bs-toggle="tooltip" type="button">
                                              <i aria-label="Aucune action possible" class="ri-more-2-fill">
                                              </i>
                                          </button>
                                      </td>
                                  </tr>
                              </tbody>
                          </table>
                      </div>
                  </div>
              </div>
          </div>
      </section>
  </main>
  
  '''
# ---
# name: TestUserMembershipDeactivation.test_deactivate_user
  '''
  Un administrateur vous a retiré d'une structure sur les emplois de l'inclusion
  
  Organisation :
  
  - Nom : Mission locale
  - Type : FT
  
  - Email de contact : ml@mailinator.com
  
  Si vous estimez qu'il peut s'agir d'une erreur, contactez un des administrateurs cette structure sur les emplois de l'inclusion.
  
  ---
  [DEV] Cet email est envoyé depuis un environnement de démonstration, merci de ne pas en tenir compte [DEV]
  Les emplois de l'inclusion
  http://localhost:8000/
  '''
# ---
