# serializer version: 1
# name: TestJobApplicationSearchApi.test_performances
  dict({
    'num_queries': 8,
    'queries': list([
      dict({
        'origin': list([
          'Atomic.__enter__[<site-packages>/django/db/transaction.py]',
        ]),
        'sql': 'SAVEPOINT "<snapshot>"',
      }),
      dict({
        'origin': list([
          'Paginator.count[<site-packages>/django/core/paginator.py]',
          'JobApplicationSearchView.list[<site-packages>/rest_framework/mixins.py]',
          'JobApplicationSearchView.post[api/job_application_api/views.py]',
        ]),
        'sql': '''
          SELECT COUNT(*) AS "__count"
          FROM "job_applications_jobapplication"
          INNER JOIN "companies_company" ON ("job_applications_jobapplication"."to_company_id" = "companies_company"."id")
          INNER JOIN "users_user" ON ("job_applications_jobapplication"."job_seeker_id" = "users_user"."id")
          INNER JOIN "users_jobseekerprofile" ON ("users_user"."id" = "users_jobseekerprofile"."user_id")
          WHERE ("users_user"."first_name" %% %s
                 AND "users_jobseekerprofile"."birthdate" = %s
                 AND "users_jobseekerprofile"."nir" = %s
                 AND "users_user"."last_name" %% %s
                 AND COALESCE(
                                (SELECT U0."timestamp"
                                 FROM "job_applications_jobapplicationtransitionlog" U0
                                 ORDER BY U0."timestamp" DESC
                                 LIMIT 1), "job_applications_jobapplication"."updated_at") >= %s)
        ''',
      }),
      dict({
        'origin': list([
          'JobApplicationSearchView.list[<site-packages>/rest_framework/mixins.py]',
          'JobApplicationSearchView.post[api/job_application_api/views.py]',
        ]),
        'sql': '''
          SELECT "job_applications_jobapplication"."id",
                 "job_applications_jobapplication"."job_seeker_id",
                 "job_applications_jobapplication"."eligibility_diagnosis_id",
                 "job_applications_jobapplication"."geiq_eligibility_diagnosis_id",
                 "job_applications_jobapplication"."create_employee_record",
                 "job_applications_jobapplication"."resume_link",
                 "job_applications_jobapplication"."sender_id",
                 "job_applications_jobapplication"."sender_kind",
                 "job_applications_jobapplication"."sender_company_id",
                 "job_applications_jobapplication"."sender_prescriber_organization_id",
                 "job_applications_jobapplication"."to_company_id",
                 "job_applications_jobapplication"."state",
                 "job_applications_jobapplication"."archived_at",
                 "job_applications_jobapplication"."archived_by_id",
                 "job_applications_jobapplication"."hired_job_id",
                 "job_applications_jobapplication"."message",
                 "job_applications_jobapplication"."answer",
                 "job_applications_jobapplication"."answer_to_prescriber",
                 "job_applications_jobapplication"."refusal_reason",
                 "job_applications_jobapplication"."refusal_reason_shared_with_job_seeker",
                 "job_applications_jobapplication"."hiring_start_at",
                 "job_applications_jobapplication"."hiring_end_at",
                 "job_applications_jobapplication"."hiring_without_approval",
                 "job_applications_jobapplication"."origin",
                 "job_applications_jobapplication"."approval_id",
                 "job_applications_jobapplication"."approval_delivery_mode",
                 "job_applications_jobapplication"."approval_number_sent_by_email",
                 "job_applications_jobapplication"."approval_number_sent_at",
                 "job_applications_jobapplication"."approval_manually_delivered_by_id",
                 "job_applications_jobapplication"."approval_manually_refused_by_id",
                 "job_applications_jobapplication"."approval_manually_refused_at",
                 "job_applications_jobapplication"."transferred_at",
                 "job_applications_jobapplication"."transferred_by_id",
                 "job_applications_jobapplication"."transferred_from_id",
                 "job_applications_jobapplication"."created_at",
                 "job_applications_jobapplication"."updated_at",
                 "job_applications_jobapplication"."processed_at",
                 "job_applications_jobapplication"."prehiring_guidance_days",
                 "job_applications_jobapplication"."contract_type",
                 "job_applications_jobapplication"."nb_hours_per_week",
                 "job_applications_jobapplication"."contract_type_details",
                 "job_applications_jobapplication"."qualification_type",
                 "job_applications_jobapplication"."qualification_level",
                 "job_applications_jobapplication"."planned_training_hours",
                 "job_applications_jobapplication"."inverted_vae_contract",
                 "job_applications_jobapplication"."diagoriente_invite_sent_at",
                 COALESCE(
                            (SELECT U0."timestamp"
                             FROM "job_applications_jobapplicationtransitionlog" U0
                             ORDER BY U0."timestamp" DESC
                             LIMIT 1), "job_applications_jobapplication"."updated_at") AS "last_modification_at",
                 COALESCE(
                            (SELECT U1."email"
                             FROM "job_applications_jobapplicationtransitionlog" U0
                             INNER JOIN "users_user" U1 ON (U0."user_id" = U1."id")
                             WHERE U1."kind" = %s
                             ORDER BY U0."timestamp" DESC
                             LIMIT 1), "companies_company"."email") AS "employer_email",
                 "users_user"."id",
                 "users_user"."password",
                 "users_user"."last_login",
                 "users_user"."is_superuser",
                 "users_user"."username",
                 "users_user"."first_name",
                 "users_user"."last_name",
                 "users_user"."is_staff",
                 "users_user"."is_active",
                 "users_user"."date_joined",
                 "users_user"."address_line_1",
                 "users_user"."address_line_2",
                 "users_user"."post_code",
                 "users_user"."city",
                 "users_user"."department",
                 "users_user"."coords",
                 "users_user"."geocoding_score",
                 "users_user"."geocoding_updated_at",
                 "users_user"."ban_api_resolved_address",
                 "users_user"."insee_city_id",
                 "users_user"."title",
                 "users_user"."full_name_search_vector",
                 "users_user"."email",
                 "users_user"."phone",
                 "users_user"."kind",
                 "users_user"."identity_provider",
                 "users_user"."has_completed_welcoming_tour",
                 "users_user"."created_by_id",
                 "users_user"."external_data_source_history",
                 "users_user"."last_checked_at",
                 "users_user"."public_id",
                 "users_user"."address_filled_at",
                 "users_user"."first_login",
                 "users_jobseekerprofile"."user_id",
                 "users_jobseekerprofile"."birthdate",
                 "users_jobseekerprofile"."birth_place_id",
                 "users_jobseekerprofile"."birth_country_id",
                 "users_jobseekerprofile"."nir",
                 "users_jobseekerprofile"."lack_of_nir_reason",
                 "users_jobseekerprofile"."pole_emploi_id",
                 "users_jobseekerprofile"."lack_of_pole_emploi_id_reason",
                 "users_jobseekerprofile"."asp_uid",
                 "users_jobseekerprofile"."education_level",
                 "users_jobseekerprofile"."resourceless",
                 "users_jobseekerprofile"."rqth_employee",
                 "users_jobseekerprofile"."oeth_employee",
                 "users_jobseekerprofile"."pole_emploi_since",
                 "users_jobseekerprofile"."unemployed_since",
                 "users_jobseekerprofile"."has_rsa_allocation",
                 "users_jobseekerprofile"."rsa_allocation_since",
                 "users_jobseekerprofile"."ass_allocation_since",
                 "users_jobseekerprofile"."aah_allocation_since",
                 "users_jobseekerprofile"."are_allocation_since",
                 "users_jobseekerprofile"."activity_bonus_since",
                 "users_jobseekerprofile"."cape_freelance",
                 "users_jobseekerprofile"."cesa_freelance",
                 "users_jobseekerprofile"."actor_met_for_business_creation",
                 "users_jobseekerprofile"."mean_monthly_income_before_process",
                 "users_jobseekerprofile"."eiti_contributions",
                 "users_jobseekerprofile"."hexa_lane_number",
                 "users_jobseekerprofile"."hexa_std_extension",
                 "users_jobseekerprofile"."hexa_non_std_extension",
                 "users_jobseekerprofile"."hexa_lane_type",
                 "users_jobseekerprofile"."hexa_lane_name",
                 "users_jobseekerprofile"."hexa_additional_address",
                 "users_jobseekerprofile"."hexa_post_code",
                 "users_jobseekerprofile"."hexa_commune_id",
                 "users_jobseekerprofile"."pe_obfuscated_nir",
                 "users_jobseekerprofile"."pe_last_certification_attempt_at",
                 "users_jobseekerprofile"."created_by_prescriber_organization_id",
                 T5."id",
                 T5."password",
                 T5."last_login",
                 T5."is_superuser",
                 T5."username",
                 T5."first_name",
                 T5."last_name",
                 T5."is_staff",
                 T5."is_active",
                 T5."date_joined",
                 T5."address_line_1",
                 T5."address_line_2",
                 T5."post_code",
                 T5."city",
                 T5."department",
                 T5."coords",
                 T5."geocoding_score",
                 T5."geocoding_updated_at",
                 T5."ban_api_resolved_address",
                 T5."insee_city_id",
                 T5."title",
                 T5."full_name_search_vector",
                 T5."email",
                 T5."phone",
                 T5."kind",
                 T5."identity_provider",
                 T5."has_completed_welcoming_tour",
                 T5."created_by_id",
                 T5."external_data_source_history",
                 T5."last_checked_at",
                 T5."public_id",
                 T5."address_filled_at",
                 T5."first_login",
                 T6."id",
                 T6."address_line_1",
                 T6."address_line_2",
                 T6."post_code",
                 T6."city",
                 T6."department",
                 T6."coords",
                 T6."geocoding_score",
                 T6."geocoding_updated_at",
                 T6."ban_api_resolved_address",
                 T6."insee_city_id",
                 T6."name",
                 T6."created_at",
                 T6."updated_at",
                 T6."uid",
                 T6."active_members_email_reminder_last_sent_at",
                 T6."automatic_geocoding_update",
                 T6."siret",
                 T6."naf",
                 T6."kind",
                 T6."brand",
                 T6."phone",
                 T6."email",
                 T6."auth_email",
                 T6."website",
                 T6."description",
                 T6."provided_support",
                 T6."source",
                 T6."created_by_id",
                 T6."updated_at_by_company",
                 T6."block_job_applications",
                 T6."job_applications_blocked_at",
                 T6."spontaneous_applications_open_since",
                 T6."convention_id",
                 T6."job_app_score",
                 T6."is_searchable",
                 T6."rdv_solidarites_id",
                 T6."fields_history",
                 "prescribers_prescriberorganization"."id",
                 "prescribers_prescriberorganization"."address_line_1",
                 "prescribers_prescriberorganization"."address_line_2",
                 "prescribers_prescriberorganization"."post_code",
                 "prescribers_prescriberorganization"."city",
                 "prescribers_prescriberorganization"."department",
                 "prescribers_prescriberorganization"."coords",
                 "prescribers_prescriberorganization"."geocoding_score",
                 "prescribers_prescriberorganization"."geocoding_updated_at",
                 "prescribers_prescriberorganization"."ban_api_resolved_address",
                 "prescribers_prescriberorganization"."insee_city_id",
                 "prescribers_prescriberorganization"."name",
                 "prescribers_prescriberorganization"."created_at",
                 "prescribers_prescriberorganization"."updated_at",
                 "prescribers_prescriberorganization"."uid",
                 "prescribers_prescriberorganization"."active_members_email_reminder_last_sent_at",
                 "prescribers_prescriberorganization"."automatic_geocoding_update",
                 "prescribers_prescriberorganization"."siret",
                 "prescribers_prescriberorganization"."is_head_office",
                 "prescribers_prescriberorganization"."kind",
                 "prescribers_prescriberorganization"."is_brsa",
                 "prescribers_prescriberorganization"."phone",
                 "prescribers_prescriberorganization"."email",
                 "prescribers_prescriberorganization"."website",
                 "prescribers_prescriberorganization"."description",
                 "prescribers_prescriberorganization"."is_authorized",
                 "prescribers_prescriberorganization"."code_safir_pole_emploi",
                 "prescribers_prescriberorganization"."created_by_id",
                 "prescribers_prescriberorganization"."authorization_status",
                 "prescribers_prescriberorganization"."authorization_updated_at",
                 "prescribers_prescriberorganization"."authorization_updated_by_id",
                 "companies_company"."id",
                 "companies_company"."address_line_1",
                 "companies_company"."address_line_2",
                 "companies_company"."post_code",
                 "companies_company"."city",
                 "companies_company"."department",
                 "companies_company"."coords",
                 "companies_company"."geocoding_score",
                 "companies_company"."geocoding_updated_at",
                 "companies_company"."ban_api_resolved_address",
                 "companies_company"."insee_city_id",
                 "companies_company"."name",
                 "companies_company"."created_at",
                 "companies_company"."updated_at",
                 "companies_company"."uid",
                 "companies_company"."active_members_email_reminder_last_sent_at",
                 "companies_company"."automatic_geocoding_update",
                 "companies_company"."siret",
                 "companies_company"."naf",
                 "companies_company"."kind",
                 "companies_company"."brand",
                 "companies_company"."phone",
                 "companies_company"."email",
                 "companies_company"."auth_email",
                 "companies_company"."website",
                 "companies_company"."description",
                 "companies_company"."provided_support",
                 "companies_company"."source",
                 "companies_company"."created_by_id",
                 "companies_company"."updated_at_by_company",
                 "companies_company"."block_job_applications",
                 "companies_company"."job_applications_blocked_at",
                 "companies_company"."spontaneous_applications_open_since",
                 "companies_company"."convention_id",
                 "companies_company"."job_app_score",
                 "companies_company"."is_searchable",
                 "companies_company"."rdv_solidarites_id",
                 "companies_company"."fields_history"
          FROM "job_applications_jobapplication"
          INNER JOIN "companies_company" ON ("job_applications_jobapplication"."to_company_id" = "companies_company"."id")
          INNER JOIN "users_user" ON ("job_applications_jobapplication"."job_seeker_id" = "users_user"."id")
          INNER JOIN "users_jobseekerprofile" ON ("users_user"."id" = "users_jobseekerprofile"."user_id")
          LEFT OUTER JOIN "users_user" T5 ON ("job_applications_jobapplication"."sender_id" = T5."id")
          LEFT OUTER JOIN "companies_company" T6 ON ("job_applications_jobapplication"."sender_company_id" = T6."id")
          LEFT OUTER JOIN "prescribers_prescriberorganization" ON ("job_applications_jobapplication"."sender_prescriber_organization_id" = "prescribers_prescriberorganization"."id")
          WHERE ("users_user"."first_name" %% %s
                 AND "users_jobseekerprofile"."birthdate" = %s
                 AND "users_jobseekerprofile"."nir" = %s
                 AND "users_user"."last_name" %% %s
                 AND COALESCE(
                                (SELECT U0."timestamp"
                                 FROM "job_applications_jobapplicationtransitionlog" U0
                                 ORDER BY U0."timestamp" DESC
                                 LIMIT 1), "job_applications_jobapplication"."updated_at") >= %s)
          ORDER BY 47 DESC
          LIMIT 3
        ''',
      }),
      dict({
        'origin': list([
          'JobApplicationSearchView.list[<site-packages>/rest_framework/mixins.py]',
          'JobApplicationSearchView.post[api/job_application_api/views.py]',
        ]),
        'sql': '''
          SELECT "approvals_approval"."id",
                 "approvals_approval"."start_at",
                 "approvals_approval"."end_at",
                 "approvals_approval"."created_at",
                 "approvals_approval"."number",
                 "approvals_approval"."pe_notification_status",
                 "approvals_approval"."pe_notification_time",
                 "approvals_approval"."pe_notification_endpoint",
                 "approvals_approval"."pe_notification_exit_code",
                 "approvals_approval"."user_id",
                 "approvals_approval"."created_by_id",
                 "approvals_approval"."origin",
                 "approvals_approval"."eligibility_diagnosis_id",
                 "approvals_approval"."updated_at",
                 "approvals_approval"."origin_siae_siret",
                 "approvals_approval"."origin_siae_kind",
                 "approvals_approval"."origin_sender_kind",
                 "approvals_approval"."origin_prescriber_organization_kind",
                 "approvals_approval"."public_id"
          FROM "approvals_approval"
          WHERE "approvals_approval"."user_id" IN (%s)
          ORDER BY "approvals_approval"."created_at" DESC
        ''',
      }),
      dict({
        'origin': list([
          'JobApplicationSearchView.list[<site-packages>/rest_framework/mixins.py]',
          'JobApplicationSearchView.post[api/job_application_api/views.py]',
        ]),
        'sql': '''
          SELECT "approvals_suspension"."id",
                 "approvals_suspension"."approval_id",
                 "approvals_suspension"."start_at",
                 "approvals_suspension"."end_at",
                 "approvals_suspension"."siae_id",
                 "approvals_suspension"."reason",
                 "approvals_suspension"."reason_explanation",
                 "approvals_suspension"."created_at",
                 "approvals_suspension"."created_by_id",
                 "approvals_suspension"."updated_at",
                 "approvals_suspension"."updated_by_id"
          FROM "approvals_suspension"
          WHERE "approvals_suspension"."approval_id" IN (%s)
          ORDER BY "approvals_suspension"."start_at" DESC
        ''',
      }),
      dict({
        'origin': list([
          'JobApplicationSearchView.list[<site-packages>/rest_framework/mixins.py]',
          'JobApplicationSearchView.post[api/job_application_api/views.py]',
        ]),
        'sql': '''
          SELECT ("job_applications_jobapplication_selected_jobs"."jobapplication_id") AS "_prefetch_related_val_jobapplication_id",
                 "companies_jobdescription"."id",
                 "companies_jobdescription"."appellation_id",
                 "companies_jobdescription"."company_id",
                 "companies_jobdescription"."created_at",
                 "companies_jobdescription"."updated_at",
                 "companies_jobdescription"."updated_at_by_company",
                 "companies_jobdescription"."is_active",
                 "companies_jobdescription"."custom_name",
                 "companies_jobdescription"."description",
                 "companies_jobdescription"."ui_rank",
                 "companies_jobdescription"."contract_type",
                 "companies_jobdescription"."other_contract_type",
                 "companies_jobdescription"."contract_nature",
                 "companies_jobdescription"."location_id",
                 "companies_jobdescription"."hours_per_week",
                 "companies_jobdescription"."open_positions",
                 "companies_jobdescription"."profile_description",
                 "companies_jobdescription"."is_resume_mandatory",
                 "companies_jobdescription"."is_qpv_mandatory",
                 "companies_jobdescription"."market_context_description",
                 "companies_jobdescription"."source_id",
                 "companies_jobdescription"."source_kind",
                 "companies_jobdescription"."source_url",
                 "companies_jobdescription"."field_history",
                 "companies_jobdescription"."creation_source",
                 "jobs_appellation"."updated_at",
                 "jobs_appellation"."code",
                 "jobs_appellation"."name",
                 "jobs_appellation"."rome_id",
                 "jobs_appellation"."full_text",
                 "jobs_rome"."updated_at",
                 "jobs_rome"."code",
                 "jobs_rome"."name",
                 "companies_company"."id",
                 "companies_company"."address_line_1",
                 "companies_company"."address_line_2",
                 "companies_company"."post_code",
                 "companies_company"."city",
                 "companies_company"."department",
                 "companies_company"."coords",
                 "companies_company"."geocoding_score",
                 "companies_company"."geocoding_updated_at",
                 "companies_company"."ban_api_resolved_address",
                 "companies_company"."insee_city_id",
                 "companies_company"."name",
                 "companies_company"."created_at",
                 "companies_company"."updated_at",
                 "companies_company"."uid",
                 "companies_company"."active_members_email_reminder_last_sent_at",
                 "companies_company"."automatic_geocoding_update",
                 "companies_company"."siret",
                 "companies_company"."naf",
                 "companies_company"."kind",
                 "companies_company"."brand",
                 "companies_company"."phone",
                 "companies_company"."email",
                 "companies_company"."auth_email",
                 "companies_company"."website",
                 "companies_company"."description",
                 "companies_company"."provided_support",
                 "companies_company"."source",
                 "companies_company"."created_by_id",
                 "companies_company"."updated_at_by_company",
                 "companies_company"."block_job_applications",
                 "companies_company"."job_applications_blocked_at",
                 "companies_company"."spontaneous_applications_open_since",
                 "companies_company"."convention_id",
                 "companies_company"."job_app_score",
                 "companies_company"."is_searchable",
                 "companies_company"."rdv_solidarites_id",
                 "companies_company"."fields_history",
                 "cities_city"."id",
                 "cities_city"."name",
                 "cities_city"."normalized_name",
                 "cities_city"."slug",
                 "cities_city"."department",
                 "cities_city"."post_codes",
                 "cities_city"."code_insee",
                 "cities_city"."coords",
                 "cities_city"."edition_mode"
          FROM "companies_jobdescription"
          INNER JOIN "job_applications_jobapplication_selected_jobs" ON ("companies_jobdescription"."id" = "job_applications_jobapplication_selected_jobs"."jobdescription_id")
          INNER JOIN "jobs_appellation" ON ("companies_jobdescription"."appellation_id" = "jobs_appellation"."code")
          LEFT OUTER JOIN "jobs_rome" ON ("jobs_appellation"."rome_id" = "jobs_rome"."code")
          INNER JOIN "companies_company" ON ("companies_jobdescription"."company_id" = "companies_company"."id")
          LEFT OUTER JOIN "cities_city" ON ("companies_jobdescription"."location_id" = "cities_city"."id")
          WHERE "job_applications_jobapplication_selected_jobs"."jobapplication_id" IN (%s,
                                                                                        %s,
                                                                                        %s)
          ORDER BY "jobs_appellation"."name" ASC,
                   "companies_jobdescription"."ui_rank" ASC
        ''',
      }),
      dict({
        'origin': list([
          'JobApplicationSearchView.list[<site-packages>/rest_framework/mixins.py]',
          'JobApplicationSearchView.post[api/job_application_api/views.py]',
        ]),
        'sql': '''
          SELECT "companies_jobdescription"."id",
                 "companies_jobdescription"."appellation_id",
                 "companies_jobdescription"."company_id",
                 "companies_jobdescription"."created_at",
                 "companies_jobdescription"."updated_at",
                 "companies_jobdescription"."updated_at_by_company",
                 "companies_jobdescription"."is_active",
                 "companies_jobdescription"."custom_name",
                 "companies_jobdescription"."description",
                 "companies_jobdescription"."ui_rank",
                 "companies_jobdescription"."contract_type",
                 "companies_jobdescription"."other_contract_type",
                 "companies_jobdescription"."contract_nature",
                 "companies_jobdescription"."location_id",
                 "companies_jobdescription"."hours_per_week",
                 "companies_jobdescription"."open_positions",
                 "companies_jobdescription"."profile_description",
                 "companies_jobdescription"."is_resume_mandatory",
                 "companies_jobdescription"."is_qpv_mandatory",
                 "companies_jobdescription"."market_context_description",
                 "companies_jobdescription"."source_id",
                 "companies_jobdescription"."source_kind",
                 "companies_jobdescription"."source_url",
                 "companies_jobdescription"."field_history",
                 "companies_jobdescription"."creation_source",
                 "jobs_appellation"."updated_at",
                 "jobs_appellation"."code",
                 "jobs_appellation"."name",
                 "jobs_appellation"."rome_id",
                 "jobs_appellation"."full_text",
                 "jobs_rome"."updated_at",
                 "jobs_rome"."code",
                 "jobs_rome"."name",
                 "companies_company"."id",
                 "companies_company"."address_line_1",
                 "companies_company"."address_line_2",
                 "companies_company"."post_code",
                 "companies_company"."city",
                 "companies_company"."department",
                 "companies_company"."coords",
                 "companies_company"."geocoding_score",
                 "companies_company"."geocoding_updated_at",
                 "companies_company"."ban_api_resolved_address",
                 "companies_company"."insee_city_id",
                 "companies_company"."name",
                 "companies_company"."created_at",
                 "companies_company"."updated_at",
                 "companies_company"."uid",
                 "companies_company"."active_members_email_reminder_last_sent_at",
                 "companies_company"."automatic_geocoding_update",
                 "companies_company"."siret",
                 "companies_company"."naf",
                 "companies_company"."kind",
                 "companies_company"."brand",
                 "companies_company"."phone",
                 "companies_company"."email",
                 "companies_company"."auth_email",
                 "companies_company"."website",
                 "companies_company"."description",
                 "companies_company"."provided_support",
                 "companies_company"."source",
                 "companies_company"."created_by_id",
                 "companies_company"."updated_at_by_company",
                 "companies_company"."block_job_applications",
                 "companies_company"."job_applications_blocked_at",
                 "companies_company"."spontaneous_applications_open_since",
                 "companies_company"."convention_id",
                 "companies_company"."job_app_score",
                 "companies_company"."is_searchable",
                 "companies_company"."rdv_solidarites_id",
                 "companies_company"."fields_history",
                 "cities_city"."id",
                 "cities_city"."name",
                 "cities_city"."normalized_name",
                 "cities_city"."slug",
                 "cities_city"."department",
                 "cities_city"."post_codes",
                 "cities_city"."code_insee",
                 "cities_city"."coords",
                 "cities_city"."edition_mode"
          FROM "companies_jobdescription"
          INNER JOIN "jobs_appellation" ON ("companies_jobdescription"."appellation_id" = "jobs_appellation"."code")
          LEFT OUTER JOIN "jobs_rome" ON ("jobs_appellation"."rome_id" = "jobs_rome"."code")
          INNER JOIN "companies_company" ON ("companies_jobdescription"."company_id" = "companies_company"."id")
          LEFT OUTER JOIN "cities_city" ON ("companies_jobdescription"."location_id" = "cities_city"."id")
          WHERE "companies_jobdescription"."id" IN (%s)
        ''',
      }),
      dict({
        'origin': list([
          'Atomic.__exit__[<site-packages>/django/db/transaction.py]',
        ]),
        'sql': 'RELEASE SAVEPOINT "<snapshot>"',
      }),
    ]),
  })
# ---
# name: TestJobApplicationSearchApi.test_serialized_data
  '''
  {
      "count": 1,
      "next": null,
      "previous": null,
      "results": [
          {
              "identifiant_unique": "11111111-1111-1111-1111-111111111111",
              "cree_le": "2025-02-14T01:00:00+01:00",
              "mis_a_jour_le": "2025-02-14T01:00:00+01:00",
              "dernier_changement_le": "2025-02-14T01:00:00+01:00",
              "statut": "accepted",
              "candidat_nir": "290010101010125",
              "candidat_nom": "Doe",
              "candidat_prenom": "Jane",
              "candidat_date_naissance": "1990-01-01",
              "candidat_email": "jane.doe@test.local",
              "candidat_telephone": "0612345678",
              "candidat_pass_iae_statut": "VALID",
              "candidat_pass_iae_numero": "999999999999",
              "candidat_pass_iae_date_debut": "2000-01-01",
              "candidat_pass_iae_date_fin": "3000-01-01",
              "entreprise_type": "EI",
              "entreprise_nom": "Acme inc.",
              "entreprise_siret": "012345678910",
              "entreprise_adresse": "112 rue de la Croix-Nivert, 75015 Paris",
              "entreprise_employeur_email": "contact@acmeinc.com",
              "orientation_emetteur_type": "prescriber",
              "orientation_emetteur_sous_type": "FT",
              "orientation_emetteur_nom": "Dupont",
              "orientation_emetteur_prenom": "Pierre",
              "orientation_emetteur_email": "pierre.dupont@test.local",
              "orientation_emetteur_organisme": "Pres. Org.",
              "orientation_emetteur_organisme_telephone": "0612345678",
              "orientation_postes_recherches": [
                  {
                      "rome": "N1101",
                      "titre": "Conduite d'engins de d\u00e9placement des charges",
                      "ville": "Vannes"
                  }
              ],
              "orientation_candidat_message": "Message de candidature",
              "orientation_candidat_cv": "https://server.com/rockie-balboa.pdf",
              "contrat_date_debut": "2025-02-14",
              "contrat_date_fin": "2027-02-14",
              "contrat_poste_retenu": {
                  "rome": "N1101",
                  "titre": "Conduite d'engins de d\u00e9placement des charges",
                  "ville": "Vannes"
              }
          }
      ]
  }
  '''
# ---
