# serializer version: 1
# name: test_certified_badge__geiq
  '''
  
      
          <hr class="my-4">
          <h3>Éligibilité public prioritaire GEIQ validée</h3>
      
  
      
          <p>
              Éligibilité GEIQ confirmée par <b>Karen MOSES (Carlier)</b>
          </p>
      
  
      
          
              <h4>Situation administrative du candidat</h4>
              <ul>
                  <li>Bénéficiaire du Revenu de Solidarité Active (RSA)</li>
              </ul>
          
      
  
      
          <p>
              <b>Durée de validité du diagnostic :</b> du 19/09/2024 au 19/03/2025.
          </p>
          
      
  
  
  '''
# ---
