# serializer version: 1
# name: TestLogoutView.test_logout
  '''
  <main class="s-main" id="main" role="main">
              <div aria-atomic="true" aria-live="polite" class="toast-container">
  
  </div>
  
              <section class="s-title-02">
                  <div class="s-title-02__container container">
                      <div class="s-title-02__row row">
                          <div class="s-title-02__col col-12">
                              
                              <h1>Déconnexion</h1>
                              
                                  
  
  
                              
                              
                          </div>
                      </div>
                  </div>
              </section>
  
              
      <section class="s-section">
          <div class="s-section__container container">
              <div class="row">
                  <div class="col-12 col-lg-8">
                      <div class="alert alert-info" role="status">
                          <p>Voulez-vous vraiment vous déconnecter ?</p>
                          <form action="/accounts/logout" class="js-prevent-multiple-submit" method="post">
  
                              <input name="csrfmiddlewaretoken" type="hidden" value="NORMALIZED_CSRF_TOKEN"/>
  
                              
  
                              
                              
  
  <div class="row">
      <div class="col-12">
          <hr class="mb-3"/>
          <small class="d-inline-block mb-3">* champs obligatoires</small>
          <div class="form-row align-items-center justify-content-end gx-3">
              <div class="form-group col-12 col-lg order-3 order-lg-1">
                  
                      <a aria-label="Annuler la saisie de ce formulaire" class="btn btn-link btn-ico ps-lg-0 w-100 w-lg-auto" href="/">
                          <i aria-hidden="true" class="ri-close-line ri-lg"></i>
                          <span>Annuler</span>
                      </a>
                  
              </div>
              
              <div class="form-group col col-lg-auto order-2 order-lg-3">
                  
                      <button aria-label="Passer à l’étape suivante" class="btn btn-block btn-primary" type="submit">
                          <span>Se déconnecter</span>
                      </button>
                  
              </div>
          </div>
      </div>
  </div>
  
  
  
                          </form>
                      </div>
                  </div>
              </div>
          </div>
      </section>
  
          </main>
  '''
# ---
