# serializer version: 1
# name: TestNewsRender.test_all_news_rendered_html
  '''
  <div class="s-section__container container">
              <ul class="list-group list-group-collapse list-group-flush">
                  
                      <li class="list-group-item list-group-item-action">
                          <button aria-controls="news-1" aria-expanded="true" class="d-block w-100" data-bs-target="#news-1" data-bs-toggle="collapse" type="button">
                              <div class="h3 mb-0">
                                  Janvier 2024
                                  <span class="badge badge-sm bg-emploi-light text-info rounded-pill ms-2">6
                                      <span class="visually-hidden">articles</span>
                                  </span>
                              </div>
                          </button>
                          <article aria-controls="news-1" class="mt-3 collapse show" id="news-1">
                              
                                  <div class="row mb-3">
                                      <div class="col-12 col-md-4 d-none d-md-inline">
                                          
                                              
                                              
                                              <img alt="" aria-hidden="true" class="img-fitcover img-thumbnail img-muted" height="396" loading="lazy" src="/static/vendor/theme-inclusion/images/ico-bicro-important.svg" width="420"/>
                                          
                                      </div>
                                      <div class="col-12 col-md-8">
                                          
                                          <p class="h4 my-2">Nouvelle fonctionnalité sur notre site</p>
                                          <p>Il est désormais possible de faire de nouvelles actions avec votre compte</p>
                                          
                                              <a aria-label="Plus d'informations sur Nouvelle fonctionnalité sur notre site" class="btn-link has-external-link" href="https://example.com/" rel="noopener" target="_blank">En savoir plus</a>
                                          
                                      </div>
                                  </div>
                              
                                  <div class="row mb-3">
                                      <div class="col-12 col-md-4 d-none d-md-inline">
                                          
                                              
                                              
                                              <img alt="" aria-hidden="true" class="img-fitcover img-thumbnail img-muted" height="396" loading="lazy" src="/static/vendor/theme-inclusion/images/ico-bicro-important.svg" width="420"/>
                                          
                                      </div>
                                      <div class="col-12 col-md-8">
                                          
                                              <div aria-label="groupes d'utilisateurs concernés">
                                                  
                                                      <span class="tag tag-base bg-info-lighter text-info">CANDIDAT</span>
                                                  
                                              </div>
                                          
                                          <p class="h4 my-2">Nouvelle fonctionnalité sur notre site</p>
                                          <p>Il est désormais possible de faire de nouvelles actions avec votre compte</p>
                                          
                                              <a aria-label="Plus d'informations sur Nouvelle fonctionnalité sur notre site" class="btn-link has-external-link" href="https://example.com/" rel="noopener" target="_blank">En savoir plus</a>
                                          
                                      </div>
                                  </div>
                              
                                  <div class="row mb-3">
                                      <div class="col-12 col-md-4 d-none d-md-inline">
                                          
                                              
                                              
                                              <img alt="" aria-hidden="true" class="img-fitcover img-thumbnail img-muted" height="396" loading="lazy" src="/static/vendor/theme-inclusion/images/ico-bicro-important.svg" width="420"/>
                                          
                                      </div>
                                      <div class="col-12 col-md-8">
                                          
                                              <div aria-label="groupes d'utilisateurs concernés">
                                                  
                                                      <span class="tag tag-base bg-info-lighter text-info">PRESCRIPTEUR</span>
                                                  
                                              </div>
                                          
                                          <p class="h4 my-2">Nouvelle fonctionnalité sur notre site</p>
                                          <p>Il est désormais possible de faire de nouvelles actions avec votre compte</p>
                                          
                                              <a aria-label="Plus d'informations sur Nouvelle fonctionnalité sur notre site" class="btn-link has-external-link" href="https://example.com/" rel="noopener" target="_blank">En savoir plus</a>
                                          
                                      </div>
                                  </div>
                              
                                  <div class="row mb-3">
                                      <div class="col-12 col-md-4 d-none d-md-inline">
                                          
                                              
                                              
                                              <img alt="" aria-hidden="true" class="img-fitcover img-thumbnail img-muted" height="396" loading="lazy" src="/static/vendor/theme-inclusion/images/ico-bicro-important.svg" width="420"/>
                                          
                                      </div>
                                      <div class="col-12 col-md-8">
                                          
                                              <div aria-label="groupes d'utilisateurs concernés">
                                                  
                                                      <span class="tag tag-base bg-info-lighter text-info">EMPLOYEUR</span>
                                                  
                                              </div>
                                          
                                          <p class="h4 my-2">Nouvelle fonctionnalité sur notre site</p>
                                          <p>Il est désormais possible de faire de nouvelles actions avec votre compte</p>
                                          
                                              <a aria-label="Plus d'informations sur Nouvelle fonctionnalité sur notre site" class="btn-link has-external-link" href="https://example.com/" rel="noopener" target="_blank">En savoir plus</a>
                                          
                                      </div>
                                  </div>
                              
                                  <div class="row mb-3">
                                      <div class="col-12 col-md-4 d-none d-md-inline">
                                          
                                              
                                              
                                              <img alt="" aria-hidden="true" class="img-fitcover img-thumbnail img-muted" height="396" loading="lazy" src="/static/vendor/theme-inclusion/images/ico-bicro-important.svg" width="420"/>
                                          
                                      </div>
                                      <div class="col-12 col-md-8">
                                          
                                              <div aria-label="groupes d'utilisateurs concernés">
                                                  
                                                      <span class="tag tag-base bg-info-lighter text-info">INSPECTEUR DU TRAVAIL</span>
                                                  
                                              </div>
                                          
                                          <p class="h4 my-2">Nouvelle fonctionnalité sur notre site</p>
                                          <p>Il est désormais possible de faire de nouvelles actions avec votre compte</p>
                                          
                                              <a aria-label="Plus d'informations sur Nouvelle fonctionnalité sur notre site" class="btn-link has-external-link" href="https://example.com/" rel="noopener" target="_blank">En savoir plus</a>
                                          
                                      </div>
                                  </div>
                              
                                  <div class="row mb-3">
                                      <div class="col-12 col-md-4 d-none d-md-inline">
                                          
                                              
                                              
                                              <img alt="" aria-hidden="true" class="img-fitcover img-thumbnail img-muted" height="396" loading="lazy" src="/static/vendor/theme-inclusion/images/ico-bicro-important.svg" width="420"/>
                                          
                                      </div>
                                      <div class="col-12 col-md-8">
                                          
                                              <div aria-label="groupes d'utilisateurs concernés">
                                                  
                                                      <span class="tag tag-base bg-info-lighter text-info">ADMINISTRATEUR</span>
                                                  
                                              </div>
                                          
                                          <p class="h4 my-2">Nouvelle fonctionnalité sur notre site</p>
                                          <p>Il est désormais possible de faire de nouvelles actions avec votre compte</p>
                                          
                                              <a aria-label="Plus d'informations sur Nouvelle fonctionnalité sur notre site" class="btn-link has-external-link" href="https://example.com/" rel="noopener" target="_blank">En savoir plus</a>
                                          
                                      </div>
                                  </div>
                              
                          </article>
                      </li>
                  
                  
              </ul>
          </div>
  '''
# ---
# name: TestNewsRender.test_none_exists[none_exists]
  '''
  <div class="s-section__container container">
              <ul class="list-group list-group-collapse list-group-flush">
                  
                  <p>Aucune nouveauté pour le moment.</p>
              </ul>
          </div>
  '''
# ---
