# serializer version: 1
# name: TestSavedSearches.test_details_delete_modal_content
  '''
  <div aria-labelledby="savedSearchesSettingsModalLabel" aria-modal="true" class="modal fade" id="savedSearchesSettingsModal" role="dialog" tabindex="-1">
      <div class="modal-dialog modal-dialog-centered" id="savedSearchesSettingsModalContent">
          <div class="modal-content">
              <div class="modal-header">
                  <h3 class="modal-title" id="savedSearchesSettingsModalLabel">
                      Recherches enregistrées
                  </h3>
                  <button aria-label="Fermer" class="btn-close" data-bs-dismiss="modal" type="button">
                  </button>
              </div>
              <div class="modal-body">
                  <ul class="list-unstyled">
                      <form class="js-prevent-multiple-submit" hx-indicator="#savedSearchesSettingsModalContent .modal-body" hx-post="/search/saved-searches/delete" hx-swap="outerHTML" hx-target="#savedSearchesSettingsModalContent">
                          <input name="csrfmiddlewaretoken" type="hidden" value="NORMALIZED_CSRF_TOKEN"/>
                          <li class="d-flex lh-sm mb-3">
                              <div class="me-2">
                                  <i aria-hidden="true" class="ri-star-line text-muted">
                                  </i>
                              </div>
                              <div class="flex-grow-1">
                                  <strong class="fs-sm d-block">
                                      <a href="/search/employers/results?city=lyon-69&distance=50&kinds=ACI&kinds=EI&kinds=OPCS&departments=69&district_69=69001&district_69=69003">
                                          Grand Lyon
                                      </a>
                                  </strong>
                                  <span class="fs-xs">
                                      Lyon – Distance : 50 km – Types de structure : ACI, EI, OPCS – Département : 69 + 1 filtre
                                  </span>
                              </div>
                              <div>
                                  <button aria-label="Supprimer cette recherche" class="btn btn-danger btn-sm btn-ico-only" name="saved_search_id" value="[Pk of SavedSearch]">
                                      <i aria-hidden="true" class="ri-delete-bin-line fw-medium">
                                      </i>
                                  </button>
                              </div>
                          </li>
                      </form>
                  </ul>
              </div>
          </div>
      </div>
  </div>
  
  '''
# ---
# name: TestSavedSearches.test_display_saved_searches_and_delete_modal[/dashboard/][SQL queries]
  dict({
    'num_queries': 7,
    'queries': list([
      dict({
        'origin': list([
          'SessionStore._get_session_from_db[<site-packages>/django/contrib/sessions/backends/db.py]',
        ]),
        'sql': '''
          SELECT "django_session"."session_key",
                 "django_session"."session_data",
                 "django_session"."expire_date"
          FROM "django_session"
          WHERE ("django_session"."expire_date" > %s
                 AND "django_session"."session_key" = %s)
          LIMIT 21
        ''',
      }),
      dict({
        'origin': list([
          'ItouCurrentOrganizationMiddleware.__call__[utils/perms/middleware.py]',
        ]),
        'sql': '''
          SELECT "users_user"."id",
                 "users_user"."password",
                 "users_user"."last_login",
                 "users_user"."is_superuser",
                 "users_user"."username",
                 "users_user"."first_name",
                 "users_user"."last_name",
                 "users_user"."is_staff",
                 "users_user"."is_active",
                 "users_user"."date_joined",
                 "users_user"."address_line_1",
                 "users_user"."address_line_2",
                 "users_user"."post_code",
                 "users_user"."city",
                 "users_user"."department",
                 "users_user"."coords",
                 "users_user"."geocoding_score",
                 "users_user"."geocoding_updated_at",
                 "users_user"."ban_api_resolved_address",
                 "users_user"."insee_city_id",
                 "users_user"."title",
                 "users_user"."full_name_search_vector",
                 "users_user"."email",
                 "users_user"."phone",
                 "users_user"."kind",
                 "users_user"."identity_provider",
                 "users_user"."has_completed_welcoming_tour",
                 "users_user"."created_by_id",
                 "users_user"."external_data_source_history",
                 "users_user"."last_checked_at",
                 "users_user"."public_id",
                 "users_user"."address_filled_at",
                 "users_user"."first_login",
                 "users_user"."upcoming_deletion_notified_at",
                 "users_user"."allow_next_sso_sub_update"
          FROM "users_user"
          WHERE "users_user"."id" = %s
          LIMIT 21
        ''',
      }),
      dict({
        'origin': list([
          'ItouCurrentOrganizationMiddleware.__call__[utils/perms/middleware.py]',
        ]),
        'sql': '''
          SELECT "prescribers_prescribermembership"."id",
                 "prescribers_prescribermembership"."user_id",
                 "prescribers_prescribermembership"."joined_at",
                 "prescribers_prescribermembership"."is_admin",
                 "prescribers_prescribermembership"."is_active",
                 "prescribers_prescribermembership"."created_at",
                 "prescribers_prescribermembership"."updated_at",
                 "prescribers_prescribermembership"."organization_id",
                 "prescribers_prescribermembership"."updated_by_id",
                 "prescribers_prescriberorganization"."id",
                 "prescribers_prescriberorganization"."address_line_1",
                 "prescribers_prescriberorganization"."address_line_2",
                 "prescribers_prescriberorganization"."post_code",
                 "prescribers_prescriberorganization"."city",
                 "prescribers_prescriberorganization"."department",
                 "prescribers_prescriberorganization"."coords",
                 "prescribers_prescriberorganization"."geocoding_score",
                 "prescribers_prescriberorganization"."geocoding_updated_at",
                 "prescribers_prescriberorganization"."ban_api_resolved_address",
                 "prescribers_prescriberorganization"."insee_city_id",
                 "prescribers_prescriberorganization"."name",
                 "prescribers_prescriberorganization"."created_at",
                 "prescribers_prescriberorganization"."updated_at",
                 "prescribers_prescriberorganization"."uid",
                 "prescribers_prescriberorganization"."active_members_email_reminder_last_sent_at",
                 "prescribers_prescriberorganization"."automatic_geocoding_update",
                 "prescribers_prescriberorganization"."siret",
                 "prescribers_prescriberorganization"."kind",
                 "prescribers_prescriberorganization"."is_brsa",
                 "prescribers_prescriberorganization"."phone",
                 "prescribers_prescriberorganization"."email",
                 "prescribers_prescriberorganization"."website",
                 "prescribers_prescriberorganization"."description",
                 "prescribers_prescriberorganization"."code_safir_pole_emploi",
                 "prescribers_prescriberorganization"."created_by_id",
                 "prescribers_prescriberorganization"."authorization_status",
                 "prescribers_prescriberorganization"."authorization_updated_at",
                 "prescribers_prescriberorganization"."authorization_updated_by_id",
                 "prescribers_prescriberorganization"."is_gps_authorized"
          FROM "prescribers_prescribermembership"
          INNER JOIN "prescribers_prescriberorganization" ON ("prescribers_prescribermembership"."organization_id" = "prescribers_prescriberorganization"."id")
          WHERE ("prescribers_prescribermembership"."is_active"
                 AND "prescribers_prescribermembership"."user_id" = %s)
          ORDER BY "prescribers_prescribermembership"."joined_at" ASC
        ''',
      }),
      dict({
        'origin': list([
          'Atomic.__enter__[<site-packages>/django/db/transaction.py]',
        ]),
        'sql': 'SAVEPOINT "<snapshot>"',
      }),
      dict({
        'origin': list([
          'add_city_name_attr[search/models.py]',
          'dashboard[www/dashboard/views.py]',
        ]),
        'sql': '''
          SELECT "search_savedsearch"."id",
                 "search_savedsearch"."user_id",
                 "search_savedsearch"."name",
                 "search_savedsearch"."query_params",
                 "search_savedsearch"."created_at"
          FROM "search_savedsearch"
          WHERE "search_savedsearch"."user_id" = %s
          ORDER BY "search_savedsearch"."created_at" DESC
        ''',
      }),
      dict({
        'origin': list([
          'add_city_name_attr[search/models.py]',
          'dashboard[www/dashboard/views.py]',
        ]),
        'sql': '''
          SELECT "cities_city"."id",
                 "cities_city"."name",
                 "cities_city"."normalized_name",
                 "cities_city"."slug",
                 "cities_city"."department",
                 "cities_city"."post_codes",
                 "cities_city"."code_insee",
                 "cities_city"."coords",
                 "cities_city"."edition_mode",
                 "cities_city"."last_synced_at"
          FROM "cities_city"
          WHERE "cities_city"."slug" IN (%s)
          ORDER BY RANDOM() ASC
        ''',
      }),
      dict({
        'origin': list([
          'Atomic.__exit__[<site-packages>/django/db/transaction.py]',
        ]),
        'sql': 'RELEASE SAVEPOINT "<snapshot>"',
      }),
    ]),
  })
# ---
# name: TestSavedSearches.test_display_saved_searches_and_delete_modal[/search/employers/results][SQL queries]
  dict({
    'num_queries': 7,
    'queries': list([
      dict({
        'origin': list([
          'SessionStore._get_session_from_db[<site-packages>/django/contrib/sessions/backends/db.py]',
        ]),
        'sql': '''
          SELECT "django_session"."session_key",
                 "django_session"."session_data",
                 "django_session"."expire_date"
          FROM "django_session"
          WHERE ("django_session"."expire_date" > %s
                 AND "django_session"."session_key" = %s)
          LIMIT 21
        ''',
      }),
      dict({
        'origin': list([
          'ItouCurrentOrganizationMiddleware.__call__[utils/perms/middleware.py]',
        ]),
        'sql': '''
          SELECT "users_user"."id",
                 "users_user"."password",
                 "users_user"."last_login",
                 "users_user"."is_superuser",
                 "users_user"."username",
                 "users_user"."first_name",
                 "users_user"."last_name",
                 "users_user"."is_staff",
                 "users_user"."is_active",
                 "users_user"."date_joined",
                 "users_user"."address_line_1",
                 "users_user"."address_line_2",
                 "users_user"."post_code",
                 "users_user"."city",
                 "users_user"."department",
                 "users_user"."coords",
                 "users_user"."geocoding_score",
                 "users_user"."geocoding_updated_at",
                 "users_user"."ban_api_resolved_address",
                 "users_user"."insee_city_id",
                 "users_user"."title",
                 "users_user"."full_name_search_vector",
                 "users_user"."email",
                 "users_user"."phone",
                 "users_user"."kind",
                 "users_user"."identity_provider",
                 "users_user"."has_completed_welcoming_tour",
                 "users_user"."created_by_id",
                 "users_user"."external_data_source_history",
                 "users_user"."last_checked_at",
                 "users_user"."public_id",
                 "users_user"."address_filled_at",
                 "users_user"."first_login",
                 "users_user"."upcoming_deletion_notified_at",
                 "users_user"."allow_next_sso_sub_update"
          FROM "users_user"
          WHERE "users_user"."id" = %s
          LIMIT 21
        ''',
      }),
      dict({
        'origin': list([
          'ItouCurrentOrganizationMiddleware.__call__[utils/perms/middleware.py]',
        ]),
        'sql': '''
          SELECT "prescribers_prescribermembership"."id",
                 "prescribers_prescribermembership"."user_id",
                 "prescribers_prescribermembership"."joined_at",
                 "prescribers_prescribermembership"."is_admin",
                 "prescribers_prescribermembership"."is_active",
                 "prescribers_prescribermembership"."created_at",
                 "prescribers_prescribermembership"."updated_at",
                 "prescribers_prescribermembership"."organization_id",
                 "prescribers_prescribermembership"."updated_by_id",
                 "prescribers_prescriberorganization"."id",
                 "prescribers_prescriberorganization"."address_line_1",
                 "prescribers_prescriberorganization"."address_line_2",
                 "prescribers_prescriberorganization"."post_code",
                 "prescribers_prescriberorganization"."city",
                 "prescribers_prescriberorganization"."department",
                 "prescribers_prescriberorganization"."coords",
                 "prescribers_prescriberorganization"."geocoding_score",
                 "prescribers_prescriberorganization"."geocoding_updated_at",
                 "prescribers_prescriberorganization"."ban_api_resolved_address",
                 "prescribers_prescriberorganization"."insee_city_id",
                 "prescribers_prescriberorganization"."name",
                 "prescribers_prescriberorganization"."created_at",
                 "prescribers_prescriberorganization"."updated_at",
                 "prescribers_prescriberorganization"."uid",
                 "prescribers_prescriberorganization"."active_members_email_reminder_last_sent_at",
                 "prescribers_prescriberorganization"."automatic_geocoding_update",
                 "prescribers_prescriberorganization"."siret",
                 "prescribers_prescriberorganization"."kind",
                 "prescribers_prescriberorganization"."is_brsa",
                 "prescribers_prescriberorganization"."phone",
                 "prescribers_prescriberorganization"."email",
                 "prescribers_prescriberorganization"."website",
                 "prescribers_prescriberorganization"."description",
                 "prescribers_prescriberorganization"."code_safir_pole_emploi",
                 "prescribers_prescriberorganization"."created_by_id",
                 "prescribers_prescriberorganization"."authorization_status",
                 "prescribers_prescriberorganization"."authorization_updated_at",
                 "prescribers_prescriberorganization"."authorization_updated_by_id",
                 "prescribers_prescriberorganization"."is_gps_authorized"
          FROM "prescribers_prescribermembership"
          INNER JOIN "prescribers_prescriberorganization" ON ("prescribers_prescribermembership"."organization_id" = "prescribers_prescriberorganization"."id")
          WHERE ("prescribers_prescribermembership"."is_active"
                 AND "prescribers_prescribermembership"."user_id" = %s)
          ORDER BY "prescribers_prescribermembership"."joined_at" ASC
        ''',
      }),
      dict({
        'origin': list([
          'Atomic.__enter__[<site-packages>/django/db/transaction.py]',
        ]),
        'sql': 'SAVEPOINT "<snapshot>"',
      }),
      dict({
        'origin': list([
          'add_city_name_attr[search/models.py]',
          'EmployerSearchView.get_context_data[www/search_views/views.py]',
          'EmployerSearchView.get[www/search_views/views.py]',
        ]),
        'sql': '''
          SELECT "search_savedsearch"."id",
                 "search_savedsearch"."user_id",
                 "search_savedsearch"."name",
                 "search_savedsearch"."query_params",
                 "search_savedsearch"."created_at"
          FROM "search_savedsearch"
          WHERE "search_savedsearch"."user_id" = %s
          ORDER BY "search_savedsearch"."created_at" DESC
        ''',
      }),
      dict({
        'origin': list([
          'add_city_name_attr[search/models.py]',
          'EmployerSearchView.get_context_data[www/search_views/views.py]',
          'EmployerSearchView.get[www/search_views/views.py]',
        ]),
        'sql': '''
          SELECT "cities_city"."id",
                 "cities_city"."name",
                 "cities_city"."normalized_name",
                 "cities_city"."slug",
                 "cities_city"."department",
                 "cities_city"."post_codes",
                 "cities_city"."code_insee",
                 "cities_city"."coords",
                 "cities_city"."edition_mode",
                 "cities_city"."last_synced_at"
          FROM "cities_city"
          WHERE "cities_city"."slug" IN (%s)
          ORDER BY RANDOM() ASC
        ''',
      }),
      dict({
        'origin': list([
          'Atomic.__exit__[<site-packages>/django/db/transaction.py]',
        ]),
        'sql': 'RELEASE SAVEPOINT "<snapshot>"',
      }),
    ]),
  })
# ---
# name: TestSavedSearches.test_display_saved_searches_and_delete_modal[/search/job-descriptions/results][SQL queries]
  dict({
    'num_queries': 7,
    'queries': list([
      dict({
        'origin': list([
          'SessionStore._get_session_from_db[<site-packages>/django/contrib/sessions/backends/db.py]',
        ]),
        'sql': '''
          SELECT "django_session"."session_key",
                 "django_session"."session_data",
                 "django_session"."expire_date"
          FROM "django_session"
          WHERE ("django_session"."expire_date" > %s
                 AND "django_session"."session_key" = %s)
          LIMIT 21
        ''',
      }),
      dict({
        'origin': list([
          'ItouCurrentOrganizationMiddleware.__call__[utils/perms/middleware.py]',
        ]),
        'sql': '''
          SELECT "users_user"."id",
                 "users_user"."password",
                 "users_user"."last_login",
                 "users_user"."is_superuser",
                 "users_user"."username",
                 "users_user"."first_name",
                 "users_user"."last_name",
                 "users_user"."is_staff",
                 "users_user"."is_active",
                 "users_user"."date_joined",
                 "users_user"."address_line_1",
                 "users_user"."address_line_2",
                 "users_user"."post_code",
                 "users_user"."city",
                 "users_user"."department",
                 "users_user"."coords",
                 "users_user"."geocoding_score",
                 "users_user"."geocoding_updated_at",
                 "users_user"."ban_api_resolved_address",
                 "users_user"."insee_city_id",
                 "users_user"."title",
                 "users_user"."full_name_search_vector",
                 "users_user"."email",
                 "users_user"."phone",
                 "users_user"."kind",
                 "users_user"."identity_provider",
                 "users_user"."has_completed_welcoming_tour",
                 "users_user"."created_by_id",
                 "users_user"."external_data_source_history",
                 "users_user"."last_checked_at",
                 "users_user"."public_id",
                 "users_user"."address_filled_at",
                 "users_user"."first_login",
                 "users_user"."upcoming_deletion_notified_at",
                 "users_user"."allow_next_sso_sub_update"
          FROM "users_user"
          WHERE "users_user"."id" = %s
          LIMIT 21
        ''',
      }),
      dict({
        'origin': list([
          'ItouCurrentOrganizationMiddleware.__call__[utils/perms/middleware.py]',
        ]),
        'sql': '''
          SELECT "prescribers_prescribermembership"."id",
                 "prescribers_prescribermembership"."user_id",
                 "prescribers_prescribermembership"."joined_at",
                 "prescribers_prescribermembership"."is_admin",
                 "prescribers_prescribermembership"."is_active",
                 "prescribers_prescribermembership"."created_at",
                 "prescribers_prescribermembership"."updated_at",
                 "prescribers_prescribermembership"."organization_id",
                 "prescribers_prescribermembership"."updated_by_id",
                 "prescribers_prescriberorganization"."id",
                 "prescribers_prescriberorganization"."address_line_1",
                 "prescribers_prescriberorganization"."address_line_2",
                 "prescribers_prescriberorganization"."post_code",
                 "prescribers_prescriberorganization"."city",
                 "prescribers_prescriberorganization"."department",
                 "prescribers_prescriberorganization"."coords",
                 "prescribers_prescriberorganization"."geocoding_score",
                 "prescribers_prescriberorganization"."geocoding_updated_at",
                 "prescribers_prescriberorganization"."ban_api_resolved_address",
                 "prescribers_prescriberorganization"."insee_city_id",
                 "prescribers_prescriberorganization"."name",
                 "prescribers_prescriberorganization"."created_at",
                 "prescribers_prescriberorganization"."updated_at",
                 "prescribers_prescriberorganization"."uid",
                 "prescribers_prescriberorganization"."active_members_email_reminder_last_sent_at",
                 "prescribers_prescriberorganization"."automatic_geocoding_update",
                 "prescribers_prescriberorganization"."siret",
                 "prescribers_prescriberorganization"."kind",
                 "prescribers_prescriberorganization"."is_brsa",
                 "prescribers_prescriberorganization"."phone",
                 "prescribers_prescriberorganization"."email",
                 "prescribers_prescriberorganization"."website",
                 "prescribers_prescriberorganization"."description",
                 "prescribers_prescriberorganization"."code_safir_pole_emploi",
                 "prescribers_prescriberorganization"."created_by_id",
                 "prescribers_prescriberorganization"."authorization_status",
                 "prescribers_prescriberorganization"."authorization_updated_at",
                 "prescribers_prescriberorganization"."authorization_updated_by_id",
                 "prescribers_prescriberorganization"."is_gps_authorized"
          FROM "prescribers_prescribermembership"
          INNER JOIN "prescribers_prescriberorganization" ON ("prescribers_prescribermembership"."organization_id" = "prescribers_prescriberorganization"."id")
          WHERE ("prescribers_prescribermembership"."is_active"
                 AND "prescribers_prescribermembership"."user_id" = %s)
          ORDER BY "prescribers_prescribermembership"."joined_at" ASC
        ''',
      }),
      dict({
        'origin': list([
          'Atomic.__enter__[<site-packages>/django/db/transaction.py]',
        ]),
        'sql': 'SAVEPOINT "<snapshot>"',
      }),
      dict({
        'origin': list([
          'add_city_name_attr[search/models.py]',
          'JobDescriptionSearchView.get_context_data[www/search_views/views.py]',
          'JobDescriptionSearchView.get[www/search_views/views.py]',
        ]),
        'sql': '''
          SELECT "search_savedsearch"."id",
                 "search_savedsearch"."user_id",
                 "search_savedsearch"."name",
                 "search_savedsearch"."query_params",
                 "search_savedsearch"."created_at"
          FROM "search_savedsearch"
          WHERE "search_savedsearch"."user_id" = %s
          ORDER BY "search_savedsearch"."created_at" DESC
        ''',
      }),
      dict({
        'origin': list([
          'add_city_name_attr[search/models.py]',
          'JobDescriptionSearchView.get_context_data[www/search_views/views.py]',
          'JobDescriptionSearchView.get[www/search_views/views.py]',
        ]),
        'sql': '''
          SELECT "cities_city"."id",
                 "cities_city"."name",
                 "cities_city"."normalized_name",
                 "cities_city"."slug",
                 "cities_city"."department",
                 "cities_city"."post_codes",
                 "cities_city"."code_insee",
                 "cities_city"."coords",
                 "cities_city"."edition_mode",
                 "cities_city"."last_synced_at"
          FROM "cities_city"
          WHERE "cities_city"."slug" IN (%s)
          ORDER BY RANDOM() ASC
        ''',
      }),
      dict({
        'origin': list([
          'Atomic.__exit__[<site-packages>/django/db/transaction.py]',
        ]),
        'sql': 'RELEASE SAVEPOINT "<snapshot>"',
      }),
    ]),
  })
# ---
