# serializer version: 1
# name: TestManagementCommand.test_institution_submission_freeze_reminder
  '''
  Bonjour,
  
  Une ou plusieurs SIAE qui ont transmis leurs justificatifs n’ont pas encore été contrôlée(s) par vos services.
  
  En tant que membre de l’organisation DDETS 01, nous vous invitons à finaliser ce contrôle. Sans réponse de votre part avant la fin de cette phase*, le résultat du contrôle des SIAE non contrôlées sera par défaut positif.
  
  * Pour plus de détails sur la durée de chaque phase, vous pouvez consulter le calendrier disponible dans votre espace professionnel des emplois de l’inclusion.
  
  Nous vous rappelons que pour chaque SIAE contrôlée vous devez :
  - accepter ou refuser l’intégralité des justificatifs soumis
  - et valider le contrôle (sans cette validation le résultat ne sera pas enregistré)
  
  Cordialement,
  
  ---
  [DEV] Cet email est envoyé depuis un environnement de démonstration, merci de ne pas en tenir compte [DEV]
  Les emplois de l'inclusion
  http://localhost:8000
  '''
# ---
